// Jest Snapshot v1, https://goo.gl/fbAQLP

exports[`PopupServerError component Should render the PopupServerError component 1`] = `
<DocumentFragment>
  <p
    aria-live="polite"
    class="popup-server-error"
  >
    Message
  </p>
</DocumentFragment>
`;
