// Jest Snapshot v1, https://goo.gl/fbAQLP

exports[`Description component Should render the Description component 1`] = `
<DocumentFragment>
  <article
    class="description"
  >
    <h2
      class="description__title"
    >
      About the author
    </h2>
    <p
      class="description__text"
    >
      Hey there, I'm Timothy. I'm a motivated and passionate frontend engineer with a background in eCommerce, Quality Assurance, Application Delivery Management, Project Management and Trade Marketing. I have a bachelor's degree in Economics and Business Management and I have done a coding bootcamp called TripleTen.
    </p>
    <p
      class="description__text"
    >
      Iâ€™m a curious person, I love to code and I like to experiment with new technologies. Now coding is my passion and my professional career focus.
    </p>
  </article>
</DocumentFragment>
`;
