// Jest Snapshot v1, https://goo.gl/fbAQLP

exports[`Header component Should render the Header component 1`] = `
<DocumentFragment>
  <header
    class="header"
  >
    <h1
      class="header__title"
    >
      What's going on in the world?
    </h1>
    <p
      class="header__subtitle"
    >
      Find the latest news on any topic and save them in your personal account.
    </p>
    <form
      class="search-form"
    >
      <input
        class="search-form__input "
        id="search-input"
        name="search"
        placeholder="Enter topic"
        type="text"
        value=""
      />
      <button
        class="search-form__button"
      >
        Search
      </button>
    </form>
  </header>
</DocumentFragment>
`;
