// Jest Snapshot v1, https://goo.gl/fbAQLP

exports[`Login component Should render the Login component 1`] = `
<DocumentFragment>
  <div
    class="popup  popup_type_signin"
  >
    <div
      class="popup__container"
    >
      <form
        action="#"
        class="popup__form"
        name="myFormmyFormsignin"
      >
        <h2
          class="popup__title"
        >
          Sign in
        </h2>
        <label
          class="popup__input-label"
          for="email-signin-input"
        >
          Email
        </label>
        <input
          class="popup__input popup__input_field_email"
          id="email-signin-input"
          name="email"
          placeholder="Enter email"
          required=""
          type="email"
          value=""
        />
        <span
          class="popup__input_type_error"
          id="email-signin-input-error"
        />
        <label
          class="popup__input-label"
          for="password-signin-input"
        >
          Password
        </label>
        <input
          class="popup__input popup__input_field_password"
          id="password-signin-input"
          maxlength="20"
          minlength="8"
          name="password"
          placeholder="Enter password"
          required=""
          type="password"
          value=""
        />
        <span
          class="popup__input_type_error"
          id="password-signin-input-error"
        />
        <p
          aria-live="polite"
          class="popup-server-error"
        />
        <button
          aria-label="Submit Sign in"
          class="submit-button popup__button  "
          type="submit"
        >
          Sign in
        </button>
        <p
          class="form-redirect"
        >
          or 
          <button
            aria-label="test"
            class="form-redirect_type_link"
            type="button"
          />
        </p>
      </form>
      <button
        aria-label="Close signin popup"
        class="close-button "
        type="button"
      />
    </div>
  </div>
</DocumentFragment>
`;
